$ npx tsx scripts/generate-github-card-data.ts && npx tsx scripts/generate-lqips.ts && npx tsx scripts/generate-vndb-covers.ts && astro build && npx tsx scripts/prune-pio-assets.ts && npx tsx scripts/subset-fonts.ts && npx tsx scripts/minify-inline-scripts.ts && pagefind --site dist
npm warn Unknown env config "manage-package-manager-versions". This will stop working in the next major version of npm. See `npm help npmrc` for supported config options.
npm warn Unknown project config "manage-package-manager-versions". This will stop working in the next major version of npm. See `npm help npmrc` for supported config options.
[GITHUB-CARD] Failed to load mzh1221/xixmu; the card will use its fallback state. [TypeError: fetch failed] {
  [cause]: Error: unable to verify the first certificate; if the root CA is installed locally, try running Node.js with --use-system-ca
      at TLSSocket.onConnectSecure (node:internal/tls/wrap:1649:34)
      at TLSSocket.emit (node:events:508:28)
      at TLSSocket._finishInit (node:internal/tls/wrap:1095:8)
      at ssl.onhandshakedone (node:internal/tls/wrap:881:12) {
    code: 'UNABLE_TO_VERIFY_LEAF_SIGNATURE'
  }
}
[GITHUB-CARD] Cached 0 repositories (0 refreshed).
npm warn Unknown env config "manage-package-manager-versions". This will stop working in the next major version of npm. See `npm help npmrc` for supported config options.
npm warn Unknown project config "manage-package-manager-versions". This will stop working in the next major version of npm. See `npm help npmrc` for supported config options.
Loaded 7 existing entries from src/constants/lqips.json
Found 7 images, 0 new to process.

Done! Processed 0/0 new images. Total: 7. Output: src/constants/lqips.json
npm warn Unknown env config "manage-package-manager-versions". This will stop working in the next major version of npm. See `npm help npmrc` for supported config options.
npm warn Unknown project config "manage-package-manager-versions". This will stop working in the next major version of npm. See `npm help npmrc` for supported config options.
[VNDB] Page not enabled, skipping cover download
